
Memory Configuration

Name             Origin             Length             Attributes
*default*        0x00000000         0xffffffff

Linker script and memory map


.flash          0x00000000      0x32c
 *(__cs3_int_vectors)
 __cs3_int_vectors
                0x00000000       0x40 start.o
 *(.text .text.*)
 .text          0x00000040        0xc start.o
                0x00000040                reset_handler
                0x00000044                _exit
 .text          0x0000004c      0x25c cortex_m3_test_app.o
                0x0000004c                dbg_print
                0x000000ac                concat_str
                0x0000013c                itos
                0x000001bc                main
 *(.rodata .rodata.*)
 .rodata        0x000002a8       0x84 cortex_m3_test_app.o
                0x000002b8                str_out
                0x0000032c                __init_data = .

.glue_7         0x0000032c        0x0
 .glue_7        0x00000000        0x0 linker stubs

.glue_7t        0x0000032c        0x0
 .glue_7t       0x00000000        0x0 linker stubs

.vfp11_veneer   0x0000032c        0x0
 .vfp11_veneer  0x00000000        0x0 linker stubs

.v4_bx          0x0000032c        0x0
 .v4_bx         0x00000000        0x0 linker stubs

.data_at_ram    0x00040000        0x0 load address 0x0000032c
                0x00040000                __sdata = .
 *(.data .data.*)
 .data          0x00040000        0x0 start.o
 .data          0x00040000        0x0 cortex_m3_test_app.o
                0x00040000                __edata = .

.ram            0x00040000        0x0 load address 0x0000032c
                0x00040000                __sbss = .
 *(.bss .bss.*)
 .bss           0x00040000        0x0 start.o
 .bss           0x00040000        0x0 cortex_m3_test_app.o
                0x00040000                __ebss = .
                0x00044000                __cs3_stack = 0x44000
LOAD start.o
LOAD cortex_m3_test_app.o
OUTPUT(cortex_m3_test_app.elf elf32-littlearm)

.ARM.attributes
                0x00000000       0x27
 .ARM.attributes
                0x00000000       0x1b start.o
 .ARM.attributes
                0x0000001b       0x2b cortex_m3_test_app.o

.comment        0x00000000       0x11
 .comment       0x00000000       0x11 cortex_m3_test_app.o
                                 0x12 (size before relaxing)

.debug_abbrev   0x00000000       0xd6
 .debug_abbrev  0x00000000       0xd6 cortex_m3_test_app.o

.debug_info     0x00000000      0x210
 .debug_info    0x00000000      0x210 cortex_m3_test_app.o

.debug_line     0x00000000       0xec
 .debug_line    0x00000000       0xec cortex_m3_test_app.o

.debug_loc      0x00000000       0xe2
 .debug_loc     0x00000000       0xe2 cortex_m3_test_app.o

.debug_pubnames
                0x00000000       0x4d
 .debug_pubnames
                0x00000000       0x4d cortex_m3_test_app.o

.debug_pubtypes
                0x00000000       0x2b
 .debug_pubtypes
                0x00000000       0x2b cortex_m3_test_app.o

.debug_aranges  0x00000000       0x20
 .debug_aranges
                0x00000000       0x20 cortex_m3_test_app.o

.debug_str      0x00000000       0xec
 .debug_str     0x00000000       0xec cortex_m3_test_app.o
                                0x125 (size before relaxing)

.debug_frame    0x00000000       0x84
 .debug_frame   0x00000000       0x84 cortex_m3_test_app.o
